// Jest Snapshot v1, https://goo.gl/fbAQLP

exports[`test Mainbody Main body matches snapshot 1`] = `
<DocumentFragment>
  <div>
    <div
      class="MuiPaper-root makeStyles-paper-1 MuiPaper-elevation1 MuiPaper-rounded"
    >
      <div>
        <div
          class="MuiGrid-root MuiGrid-container MuiGrid-spacing-xs-2"
        >
          <div
            class="MuiGrid-root MuiGrid-item MuiGrid-grid-sm-6"
          >
            <p
              class="MuiTypography-root makeStyles-lableFont-3 MuiTypography-body1 MuiTypography-colorTextPrimary MuiTypography-alignLeft MuiTypography-displayBlock"
            >
              First Name
            </p>
            <p
              class="MuiTypography-root makeStyles-bodyFont-4 MuiTypography-body1 MuiTypography-alignLeft"
            />
          </div>
          <div
            class="MuiGrid-root MuiGrid-item MuiGrid-grid-sm-6"
          >
            <p
              class="MuiTypography-root makeStyles-lableFont-3 MuiTypography-body1 MuiTypography-alignLeft MuiTypography-displayBlock"
            >
              Last Name
            </p>
            <p
              class="MuiTypography-root makeStyles-bodyFont-4 MuiTypography-body1 MuiTypography-alignLeft"
            />
          </div>
        </div>
        <div
          class="MuiGrid-root MuiGrid-container MuiGrid-spacing-xs-2"
        >
          <div
            class="MuiGrid-root MuiGrid-item MuiGrid-grid-sm-12"
          >
            <p
              class="MuiTypography-root makeStyles-lableFont-3 MuiTypography-body1 MuiTypography-colorTextPrimary MuiTypography-alignLeft MuiTypography-displayBlock"
            >
              Email
            </p>
            <p
              class="MuiTypography-root makeStyles-bodyFont-4 MuiTypography-body1 MuiTypography-alignLeft"
            />
          </div>
        </div>
        <div
          class="MuiGrid-root MuiGrid-container MuiGrid-spacing-xs-2"
        >
          <div
            class="MuiGrid-root MuiGrid-item MuiGrid-grid-sm-12"
          >
            <p
              class="MuiTypography-root makeStyles-lableFont-3 MuiTypography-body1 MuiTypography-colorTextPrimary MuiTypography-alignLeft MuiTypography-displayBlock"
            >
              Phone
            </p>
            <p
              class="MuiTypography-root makeStyles-bodyFont-4 MuiTypography-body1 MuiTypography-alignLeft"
            />
          </div>
        </div>
        <div
          class="MuiGrid-root MuiGrid-container MuiGrid-spacing-xs-2"
        >
          <div
            class="MuiGrid-root MuiGrid-item MuiGrid-grid-sm-12"
          >
            <p
              class="MuiTypography-root makeStyles-lableFont-3 MuiTypography-body1 MuiTypography-colorTextPrimary MuiTypography-alignLeft MuiTypography-displayBlock"
            >
              Date of Birth
            </p>
            <p
              class="MuiTypography-root makeStyles-bodyFont-4 MuiTypography-body1 MuiTypography-alignLeft"
            />
          </div>
        </div>
        <div
          class="MuiGrid-root MuiGrid-container MuiGrid-spacing-xs-2"
        >
          <div
            class="MuiGrid-root MuiGrid-item MuiGrid-grid-sm-12"
          >
            <p
              class="MuiTypography-root makeStyles-lableFont-3 MuiTypography-body1 MuiTypography-colorTextPrimary MuiTypography-alignLeft MuiTypography-displayBlock"
            >
              Bio
            </p>
            <p
              class="MuiTypography-root makeStyles-bodyFont-4 MuiTypography-body1 MuiTypography-alignLeft"
            />
          </div>
        </div>
      </div>
    </div>
  </div>
</DocumentFragment>
`;
